../test-parse-simple/asgn-unmin-mul-lus-less-01.in ../test-parse-simple/asgn-unmin-mul-lus-less-01.tree
../test-parse-simple/asgn-unmin-mul-lus-less-01.in ../test-parse-simple/asgn-unmin-mul-lus-less-01.std
../test-parse-simple/asgn-unmin-mul-lus-less-02.in ../test-parse-simple/asgn-unmin-mul-lus-less-02.tree
../test-parse-simple/asgn-unmin-mul-lus-less-02.in ../test-parse-simple/asgn-unmin-mul-lus-less-02.std
../test-parse-simple/caret-01-01.in ../test-parse-simple/caret-01-01.tree
../test-parse-simple/caret-01-01.in ../test-parse-simple/caret-01-01.std
../test-parse-simple/caret-01-02.in ../test-parse-simple/caret-01-02.tree
../test-parse-simple/caret-01-02.in ../test-parse-simple/caret-01-02.std
../test-parse-simple/caret-02-01.in ../test-parse-simple/caret-02-01.tree
../test-parse-simple/caret-02-01.in ../test-parse-simple/caret-02-01.std
../test-parse-simple/caret-02-02.in ../test-parse-simple/caret-02-02.tree
../test-parse-simple/caret-02-02.in ../test-parse-simple/caret-02-02.std
../test-parse-simple/caret-03-01.in ../test-parse-simple/caret-03-01.tree
../test-parse-simple/caret-03-01.in ../test-parse-simple/caret-03-01.std
../test-parse-simple/caret-03-02.in ../test-parse-simple/caret-03-02.tree
../test-parse-simple/caret-03-02.in ../test-parse-simple/caret-03-02.std
../test-parse-simple/caret-04-01.in ../test-parse-simple/caret-04-01.tree
../test-parse-simple/caret-04-01.in ../test-parse-simple/caret-04-01.std
../test-parse-simple/caret-04-02.in ../test-parse-simple/caret-04-02.tree
../test-parse-simple/caret-04-02.in ../test-parse-simple/caret-04-02.std
../test-parse-simple/caret-05-01.in ../test-parse-simple/caret-05-01.tree
../test-parse-simple/caret-05-01.in ../test-parse-simple/caret-05-01.std
../test-parse-simple/caret-05-02.in ../test-parse-simple/caret-05-02.tree
../test-parse-simple/caret-05-02.in ../test-parse-simple/caret-05-02.std
../test-parse-simple/caret-06-01.in ../test-parse-simple/caret-06-01.tree
../test-parse-simple/caret-06-01.in ../test-parse-simple/caret-06-01.std
../test-parse-simple/caret-06-02.in ../test-parse-simple/caret-06-02.tree
../test-parse-simple/caret-06-02.in ../test-parse-simple/caret-06-02.std
../test-parse-simple/char-01.in ../test-parse-simple/char-01.tree
../test-parse-simple/char-01.in ../test-parse-simple/char-01.std
../test-parse-simple/commas-01.in ../test-parse-simple/commas-01.tree
../test-parse-simple/commas-01.in ../test-parse-simple/commas-01.std
../test-parse-simple/commas-02.in ../test-parse-simple/commas-02.tree
../test-parse-simple/commas-02.in ../test-parse-simple/commas-02.std
../test-parse-simple/comment-01.in ../test-parse-simple/comment-01.tree
../test-parse-simple/comment-01.in ../test-parse-simple/comment-01.std
../test-parse-simple/dot-01.in ../test-parse-simple/dot-01.tree
../test-parse-simple/dot-01.in ../test-parse-simple/dot-01.std
../test-parse-simple/dot-02.in ../test-parse-simple/dot-02.tree
../test-parse-simple/dot-02.in ../test-parse-simple/dot-02.std
../test-parse-simple/eq-plus-mul-01.in ../test-parse-simple/eq-plus-mul-01.tree
../test-parse-simple/eq-plus-mul-01.in ../test-parse-simple/eq-plus-mul-01.std
../test-parse-simple/eq-plus-mul-02.in ../test-parse-simple/eq-plus-mul-02.tree
../test-parse-simple/eq-plus-mul-02.in ../test-parse-simple/eq-plus-mul-02.std
../test-parse-simple/minus-00-01.in ../test-parse-simple/minus-00-01.tree
../test-parse-simple/minus-00-01.in ../test-parse-simple/minus-00-01.std
../test-parse-simple/minus-01-01.in ../test-parse-simple/minus-01-01.tree
../test-parse-simple/minus-01-01.in ../test-parse-simple/minus-01-01.std
../test-parse-simple/minus-02-01.in ../test-parse-simple/minus-02-01.tree
../test-parse-simple/minus-02-01.in ../test-parse-simple/minus-02-01.std
../test-parse-simple/minus-02-02.in ../test-parse-simple/minus-02-02.tree
../test-parse-simple/minus-02-02.in ../test-parse-simple/minus-02-02.std
../test-parse-simple/minus-03-01.in ../test-parse-simple/minus-03-01.tree
../test-parse-simple/minus-03-01.in ../test-parse-simple/minus-03-01.std
../test-parse-simple/minus-04-01.in ../test-parse-simple/minus-04-01.tree
../test-parse-simple/minus-04-01.in ../test-parse-simple/minus-04-01.std
../test-parse-simple/minus-04-02.in ../test-parse-simple/minus-04-02.tree
../test-parse-simple/minus-04-02.in ../test-parse-simple/minus-04-02.std
../test-parse-simple/minus-05-01.in ../test-parse-simple/minus-05-01.tree
../test-parse-simple/minus-05-01.in ../test-parse-simple/minus-05-01.std
../test-parse-simple/minus-05-02.in ../test-parse-simple/minus-05-02.tree
../test-parse-simple/minus-05-02.in ../test-parse-simple/minus-05-02.std
../test-parse-simple/minus-06-01.in ../test-parse-simple/minus-06-01.tree
../test-parse-simple/minus-06-01.in ../test-parse-simple/minus-06-01.std
../test-parse-simple/minus-06-02.in ../test-parse-simple/minus-06-02.tree
../test-parse-simple/minus-06-02.in ../test-parse-simple/minus-06-02.std
../test-parse-simple/mul-div-01-01.in ../test-parse-simple/mul-div-01-01.tree
../test-parse-simple/mul-div-01-01.in ../test-parse-simple/mul-div-01-01.std
../test-parse-simple/mul-div-01-02.in ../test-parse-simple/mul-div-01-02.tree
../test-parse-simple/mul-div-01-02.in ../test-parse-simple/mul-div-01-02.std
../test-parse-simple/mul-minus-01.in ../test-parse-simple/mul-minus-01.tree
../test-parse-simple/mul-minus-01.in ../test-parse-simple/mul-minus-01.std
../test-parse-simple/mul-minus-02.in ../test-parse-simple/mul-minus-02.tree
../test-parse-simple/mul-minus-02.in ../test-parse-simple/mul-minus-02.std
../test-parse-simple/not-00-01.in ../test-parse-simple/not-00-01.tree
../test-parse-simple/not-00-01.in ../test-parse-simple/not-00-01.std
../test-parse-simple/not-00-02.in ../test-parse-simple/not-00-02.tree
../test-parse-simple/not-00-02.in ../test-parse-simple/not-00-02.std
../test-parse-simple/not-01-01.in ../test-parse-simple/not-01-01.tree
../test-parse-simple/not-01-01.in ../test-parse-simple/not-01-01.std
../test-parse-simple/not-01-02.in ../test-parse-simple/not-01-02.tree
../test-parse-simple/not-01-02.in ../test-parse-simple/not-01-02.std
../test-parse-simple/not-02-01.in ../test-parse-simple/not-02-01.tree
../test-parse-simple/not-02-01.in ../test-parse-simple/not-02-01.std
../test-parse-simple/not-02-02.in ../test-parse-simple/not-02-02.tree
../test-parse-simple/not-02-02.in ../test-parse-simple/not-02-02.std
../test-parse-simple/not-and-or-eq-01.in ../test-parse-simple/not-and-or-eq-01.tree
../test-parse-simple/not-and-or-eq-01.in ../test-parse-simple/not-and-or-eq-01.std
../test-parse-simple/not-and-or-eq-02.in ../test-parse-simple/not-and-or-eq-02.tree
../test-parse-simple/not-and-or-eq-02.in ../test-parse-simple/not-and-or-eq-02.std
../test-parse-simple/nt-01.in ../test-parse-simple/nt-01.tree
../test-parse-simple/nt-01.in ../test-parse-simple/nt-01.std
../test-parse-simple/nt-02.in ../test-parse-simple/nt-02.tree
../test-parse-simple/nt-02.in ../test-parse-simple/nt-02.std
../test-parse-simple/plus-brac-mul-minus-geq-01.in ../test-parse-simple/plus-brac-mul-minus-geq-01.tree
../test-parse-simple/plus-brac-mul-minus-geq-01.in ../test-parse-simple/plus-brac-mul-minus-geq-01.std
../test-parse-simple/plus-brac-mul-minus-geq-02.in ../test-parse-simple/plus-brac-mul-minus-geq-02.tree
../test-parse-simple/plus-brac-mul-minus-geq-02.in ../test-parse-simple/plus-brac-mul-minus-geq-02.std
../test-parse-simple/plus-mul-brac-01-01.in ../test-parse-simple/plus-mul-brac-01-01.tree
../test-parse-simple/plus-mul-brac-01-01.in ../test-parse-simple/plus-mul-brac-01-01.std
../test-parse-simple/plus-mul-brac-01-02.in ../test-parse-simple/plus-mul-brac-01-02.tree
../test-parse-simple/plus-mul-brac-01-02.in ../test-parse-simple/plus-mul-brac-01-02.std
../test-parse-simple/square-br-dot-00-01.in ../test-parse-simple/square-br-dot-00-01.tree
../test-parse-simple/square-br-dot-00-01.in ../test-parse-simple/square-br-dot-00-01.std
../test-parse-simple/square-br-dot-00-02.in ../test-parse-simple/square-br-dot-00-02.tree
../test-parse-simple/square-br-dot-00-02.in ../test-parse-simple/square-br-dot-00-02.std
../test-parse-simple/square-br-dot-01-01.in ../test-parse-simple/square-br-dot-01-01.tree
../test-parse-simple/square-br-dot-01-01.in ../test-parse-simple/square-br-dot-01-01.std
../test-parse-simple/square-br-dot-01-02.in ../test-parse-simple/square-br-dot-01-02.tree
../test-parse-simple/square-br-dot-01-02.in ../test-parse-simple/square-br-dot-01-02.std
../test-parse-simple/square-br-dot-02-01.in ../test-parse-simple/square-br-dot-02-01.tree
../test-parse-simple/square-br-dot-02-01.in ../test-parse-simple/square-br-dot-02-01.std
../test-parse-simple/square-br-dot-02-02.in ../test-parse-simple/square-br-dot-02-02.tree
../test-parse-simple/square-br-dot-02-02.in ../test-parse-simple/square-br-dot-02-02.std
../test-parse-simple/square-br-dot-03-01.in ../test-parse-simple/square-br-dot-03-01.tree
../test-parse-simple/square-br-dot-03-01.in ../test-parse-simple/square-br-dot-03-01.std
../test-parse-simple/square-br-dot-03-02.in ../test-parse-simple/square-br-dot-03-02.tree
../test-parse-simple/square-br-dot-03-02.in ../test-parse-simple/square-br-dot-03-02.std
../test-parse-simple/square-br-dot-04-01.in ../test-parse-simple/square-br-dot-04-01.tree
../test-parse-simple/square-br-dot-04-01.in ../test-parse-simple/square-br-dot-04-01.std
../test-parse-simple/square-br-dot-04-02.in ../test-parse-simple/square-br-dot-04-02.tree
../test-parse-simple/square-br-dot-04-02.in ../test-parse-simple/square-br-dot-04-02.std
../test-parse-simple/sum-00-01.in ../test-parse-simple/sum-00-01.tree
../test-parse-simple/sum-00-01.in ../test-parse-simple/sum-00-01.std
../test-parse-simple/sum-00-02.in ../test-parse-simple/sum-00-02.tree
../test-parse-simple/sum-00-02.in ../test-parse-simple/sum-00-02.std
../test-parse-simple/sum-01-01.in ../test-parse-simple/sum-01-01.tree
../test-parse-simple/sum-01-01.in ../test-parse-simple/sum-01-01.std
../test-parse-simple/sum-01-02.in ../test-parse-simple/sum-01-02.tree
../test-parse-simple/sum-01-02.in ../test-parse-simple/sum-01-02.std
../test-parse-simple/unary-00-01.in ../test-parse-simple/unary-00-01.tree
../test-parse-simple/unary-00-01.in ../test-parse-simple/unary-00-01.std
../test-parse-simple/unary-00-02.in ../test-parse-simple/unary-00-02.tree
../test-parse-simple/unary-00-02.in ../test-parse-simple/unary-00-02.std
../test-parse-simple/unary-01-01.in ../test-parse-simple/unary-01-01.tree
../test-parse-simple/unary-01-01.in ../test-parse-simple/unary-01-01.std
../test-parse-simple/unary-01-02.in ../test-parse-simple/unary-01-02.tree
../test-parse-simple/unary-01-02.in ../test-parse-simple/unary-01-02.std
