./test-parse/08.in ./test-parse/08.tree
./test-parse/08.in ./test-parse/08.std
./test-parse/11.in ./test-parse/11.tree
./test-parse/11.in ./test-parse/11.std
./test-parse/16.in ./test-parse/16.tree
./test-parse/16.in ./test-parse/16.std
./test-parse/20.in ./test-parse/20.tree
./test-parse/20.in ./test-parse/20.std
./test-parse/23.in ./test-parse/23.tree
./test-parse/23.in ./test-parse/23.std
./test-parse/37.in ./test-parse/37.tree
./test-parse/37.in ./test-parse/37.std
./test-parse/38.in ./test-parse/38.tree
./test-parse/38.in ./test-parse/38.std
./test-parse/47.in ./test-parse/47.tree
./test-parse/47.in ./test-parse/47.std
./test-parse/48.in ./test-parse/48.tree
./test-parse/48.in ./test-parse/48.std
./test-parse/55.in ./test-parse/55.tree
./test-parse/55.in ./test-parse/55.std
./test-parse/56.in ./test-parse/56.tree
./test-parse/56.in ./test-parse/56.std
./test-parse/57.in ./test-parse/57.tree
./test-parse/57.in ./test-parse/57.std
./test-parse/61.in ./test-parse/61.tree
./test-parse/61.in ./test-parse/61.std
./test-parse/64.in ./test-parse/64.tree
./test-parse/64.in ./test-parse/64.std
./test-parse/67.in ./test-parse/67.tree
./test-parse/67.in ./test-parse/67.std
./test-parse/70.in ./test-parse/70.tree
./test-parse/70.in ./test-parse/70.std
./test-parse/71.in ./test-parse/71.tree
./test-parse/71.in ./test-parse/71.std
./test-parse/73.in ./test-parse/73.tree
./test-parse/73.in ./test-parse/73.std
./test-parse/access-function-returning-record.in ./test-parse/access-function-returning-record.tree
./test-parse/access-function-returning-record.in ./test-parse/access-function-returning-record.std
./test-parse/array-alias.in ./test-parse/array-alias.tree
./test-parse/array-alias.in ./test-parse/array-alias.std
./test-parse/array.in ./test-parse/array.tree
./test-parse/array.in ./test-parse/array.std
./test-parse/array-record.in ./test-parse/array-record.tree
./test-parse/array-record.in ./test-parse/array-record.std
./test-parse/assign-dereference.in ./test-parse/assign-dereference.tree
./test-parse/assign-dereference.in ./test-parse/assign-dereference.std
./test-parse/break.in ./test-parse/break.tree
./test-parse/break.in ./test-parse/break.std
./test-parse/for.in ./test-parse/for.tree
./test-parse/for.in ./test-parse/for.std
./test-parse/forward.in ./test-parse/forward.tree
./test-parse/forward.in ./test-parse/forward.std
./test-parse/f-ret-pointer.in ./test-parse/f-ret-pointer.tree
./test-parse/f-ret-pointer.in ./test-parse/f-ret-pointer.std
./test-parse/if-else.in ./test-parse/if-else.tree
./test-parse/if-else.in ./test-parse/if-else.std
./test-parse/if.in ./test-parse/if.tree
./test-parse/if.in ./test-parse/if.std
./test-parse/if-then-block-else-block.in ./test-parse/if-then-block-else-block.tree
./test-parse/if-then-block-else-block.in ./test-parse/if-then-block-else-block.std
./test-parse/initializer.in ./test-parse/initializer.tree
./test-parse/initializer.in ./test-parse/initializer.std
./test-parse/main-block.in ./test-parse/main-block.tree
./test-parse/main-block.in ./test-parse/main-block.std
./test-parse/proc-ref-01.in ./test-parse/proc-ref-01.tree
./test-parse/proc-ref-01.in ./test-parse/proc-ref-01.std
./test-parse/proc-ref.in ./test-parse/proc-ref.tree
./test-parse/proc-ref.in ./test-parse/proc-ref.std
./test-parse/record-access.in ./test-parse/record-access.tree
./test-parse/record-access.in ./test-parse/record-access.std
./test-parse/record.in ./test-parse/record.tree
./test-parse/record.in ./test-parse/record.std
./test-parse/record-record-access.in ./test-parse/record-record-access.tree
./test-parse/record-record-access.in ./test-parse/record-record-access.std
./test-parse/repeat.in ./test-parse/repeat.tree
./test-parse/repeat.in ./test-parse/repeat.std
./test-parse/test_01.in ./test-parse/test_01.tree
./test-parse/test_01.in ./test-parse/test_01.std
./test-parse/test_03.in ./test-parse/test_03.tree
./test-parse/test_03.in ./test-parse/test_03.std
./test-parse/test_15.in ./test-parse/test_15.tree
./test-parse/test_15.in ./test-parse/test_15.std
./test-parse/test_16.in ./test-parse/test_16.tree
./test-parse/test_16.in ./test-parse/test_16.std
./test-parse/test_19.in ./test-parse/test_19.tree
./test-parse/test_19.in ./test-parse/test_19.std
./test-parse/test_20.in ./test-parse/test_20.tree
./test-parse/test_20.in ./test-parse/test_20.std
./test-parse/test_21.in ./test-parse/test_21.tree
./test-parse/test_21.in ./test-parse/test_21.std
./test-parse/test_22.in ./test-parse/test_22.tree
./test-parse/test_22.in ./test-parse/test_22.std
./test-parse/test_23.in ./test-parse/test_23.tree
./test-parse/test_23.in ./test-parse/test_23.std
./test-parse/test_25.in ./test-parse/test_25.tree
./test-parse/test_25.in ./test-parse/test_25.std
./test-parse/type.in ./test-parse/type.tree
./test-parse/type.in ./test-parse/type.std
./test-parse/while.in ./test-parse/while.tree
./test-parse/while.in ./test-parse/while.std
./test-parse/write.in ./test-parse/write.tree
./test-parse/write.in ./test-parse/write.std
./test-parse/write-int-expr.in ./test-parse/write-int-expr.tree
./test-parse/write-int-expr.in ./test-parse/write-int-expr.std
./test-parse/07.errin ./test-parse/07.tree
./test-parse/07.errin ./test-parse/07.std
./test-parse/10.errin ./test-parse/10.tree
./test-parse/10.errin ./test-parse/10.std
./test-parse/12.errin ./test-parse/12.tree
./test-parse/12.errin ./test-parse/12.std
./test-parse/13.errin ./test-parse/13.tree
./test-parse/13.errin ./test-parse/13.std
./test-parse/14.errin ./test-parse/14.tree
./test-parse/14.errin ./test-parse/14.std
./test-parse/21.errin ./test-parse/21.tree
./test-parse/21.errin ./test-parse/21.std
./test-parse/22.errin ./test-parse/22.tree
./test-parse/22.errin ./test-parse/22.std
./test-parse/24.errin ./test-parse/24.tree
./test-parse/24.errin ./test-parse/24.std
./test-parse/25.errin ./test-parse/25.tree
./test-parse/25.errin ./test-parse/25.std
./test-parse/26.errin ./test-parse/26.tree
./test-parse/26.errin ./test-parse/26.std
./test-parse/27.errin ./test-parse/27.tree
./test-parse/27.errin ./test-parse/27.std
./test-parse/33.errin ./test-parse/33.tree
./test-parse/33.errin ./test-parse/33.std
./test-parse/34.errin ./test-parse/34.tree
./test-parse/34.errin ./test-parse/34.std
./test-parse/35.errin ./test-parse/35.tree
./test-parse/35.errin ./test-parse/35.std
./test-parse/41.errin ./test-parse/41.tree
./test-parse/41.errin ./test-parse/41.std
./test-parse/42.errin ./test-parse/42.tree
./test-parse/42.errin ./test-parse/42.std
./test-parse/43.errin ./test-parse/43.tree
./test-parse/43.errin ./test-parse/43.std
./test-parse/44.errin ./test-parse/44.tree
./test-parse/44.errin ./test-parse/44.std
./test-parse/49.errin ./test-parse/49.tree
./test-parse/49.errin ./test-parse/49.std
./test-parse/50.errin ./test-parse/50.tree
./test-parse/50.errin ./test-parse/50.std
./test-parse/51.errin ./test-parse/51.tree
./test-parse/51.errin ./test-parse/51.std
./test-parse/52.errin ./test-parse/52.tree
./test-parse/52.errin ./test-parse/52.std
./test-parse/53.errin ./test-parse/53.tree
./test-parse/53.errin ./test-parse/53.std
./test-parse/59.errin ./test-parse/59.tree
./test-parse/59.errin ./test-parse/59.std
./test-parse/60.errin ./test-parse/60.tree
./test-parse/60.errin ./test-parse/60.std
./test-parse/65.errin ./test-parse/65.tree
./test-parse/65.errin ./test-parse/65.std
./test-parse/66.errin ./test-parse/66.tree
./test-parse/66.errin ./test-parse/66.std
./test-parse/68.errin ./test-parse/68.tree
./test-parse/68.errin ./test-parse/68.std
./test-parse/69.errin ./test-parse/69.tree
./test-parse/69.errin ./test-parse/69.std
./test-parse/74.errin ./test-parse/74.tree
./test-parse/74.errin ./test-parse/74.std
./test-parse/75.errin ./test-parse/75.tree
./test-parse/75.errin ./test-parse/75.std
./test-parse/proc-redefinition.errin ./test-parse/proc-redefinition.tree
./test-parse/proc-redefinition.errin ./test-parse/proc-redefinition.std
./test-parse/record-nofield.errin ./test-parse/record-nofield.tree
./test-parse/record-nofield.errin ./test-parse/record-nofield.std
./test-parse/test_24.errin ./test-parse/test_24.tree
./test-parse/test_24.errin ./test-parse/test_24.std
./test-parse/wrong-arg-num.errin ./test-parse/wrong-arg-num.tree
./test-parse/wrong-arg-num.errin ./test-parse/wrong-arg-num.std
./test-parse/wrong-arg-type.errin ./test-parse/wrong-arg-type.tree
./test-parse/wrong-arg-type.errin ./test-parse/wrong-arg-type.std
./test-parse/wrong-forward.errin ./test-parse/wrong-forward.tree
./test-parse/wrong-forward.errin ./test-parse/wrong-forward.std
./test-parse/wrong-function-call.errin ./test-parse/wrong-function-call.tree
./test-parse/wrong-function-call.errin ./test-parse/wrong-function-call.std
./test-parse/wrong-initializer-01.errin ./test-parse/wrong-initializer-01.tree
./test-parse/wrong-initializer-01.errin ./test-parse/wrong-initializer-01.std
./test-parse/wrong-initializer.errin ./test-parse/wrong-initializer.tree
./test-parse/wrong-initializer.errin ./test-parse/wrong-initializer.std
./test-parse/wrong-procedure-call.errin ./test-parse/wrong-procedure-call.tree
./test-parse/wrong-procedure-call.errin ./test-parse/wrong-procedure-call.std
